---
source: tests/assertion_parser.rs
expression: parsed_pred
---
(l1 : Customstk.t) (l2 : Customstk.t) (l3 : Customstk.t) (u : int) âŠ¢ iff (mem l3 u) (mem l1 u || mem l2 u) && implies (hd l3 u) (hd l1 u || hd l2 u)
