---
source: tests/assertion_parser.rs
expression: parsed_pred
---
iff (mem l3 u) (mem l1 u || mem l2 u)
