---
source: tests/parser.rs
expression: parsed_pred
---
(Customstk.t -> Customstk.t)
