---
source: tests/parser.rs
expression: parsed_pred
---
(int, bool)
