---
source: tests/parser.rs
expression: parsed_pred
---
0
