---
source: tests/parser.rs
expression: parsed_pred
---
mem l1 u
