---
source: tests/parser.rs
expression: parsed_pred
---
(x, y)
