---
source: tests/parser.rs
expression: parsed_pred
---
bool
